\BOOKMARK [0][]{chapter.2}{\376\377\176\352\213\272}{}% 1
\BOOKMARK [1][]{section.3}{\376\377\170\024\172\166\200\314\146\157\116\016\141\017\116\111}{chapter.2}% 2
\BOOKMARK [2][]{subsection.4}{\376\377\116\073\122\250\120\145\136\267\173\241\164\006\116\055\166\204\217\336\176\355\230\316\226\151\213\304\117\060\227\000\154\102}{section.3}% 3
\BOOKMARK [2][]{subsection.5}{\376\377\131\032\152\041\140\001\207\215\124\010\116\016\146\172\200\375\116\244\116\222\166\204\163\260\133\236\143\021\142\030}{section.3}% 4
\BOOKMARK [2][]{subsection.6}{\376\377\170\024\172\166\141\017\116\111}{section.3}% 5
\BOOKMARK [1][]{section.7}{\376\377\126\375\121\205\131\026\170\024\172\166\163\260\162\266}{chapter.2}% 6
\BOOKMARK [2][]{subsection.8}{\376\377\131\032\152\041\140\001\120\145\136\267\145\160\143\156\207\215\124\010\170\024\172\166\163\260\162\266}{section.7}% 7
\BOOKMARK [2][]{subsection.9}{\376\377\165\276\165\305\230\316\226\151\230\204\155\113\116\016\213\304\117\060\170\024\172\166\163\260\162\266}{section.7}% 8
\BOOKMARK [2][]{subsection.10}{\376\377\146\172\200\375\120\145\136\267\173\241\164\006\136\163\123\360\170\024\172\166\163\260\162\266}{section.7}% 9
\BOOKMARK [2][]{subsection.11}{\376\377\123\073\165\227\146\172\200\375\225\356\173\124\116\016\000A\000g\000e\000n\000t\136\224\165\050\170\024\172\166\163\260\162\266}{section.7}% 10
\BOOKMARK [1][]{section.12}{\376\377\170\024\172\166\121\205\133\271\116\016\142\200\147\057\215\357\176\277}{chapter.2}% 11
\BOOKMARK [2][]{subsection.13}{\376\377\170\024\172\166\121\205\133\271\151\202\217\360}{section.12}% 12
\BOOKMARK [2][]{subsection.14}{\376\377\142\200\147\057\215\357\176\277}{section.12}% 13
\BOOKMARK [1][]{section.15}{\376\377\116\073\211\201\122\033\145\260\160\271}{chapter.2}% 14
\BOOKMARK [1][]{section.19}{\376\377\213\272\145\207\176\304\176\307\176\323\147\204}{chapter.2}% 15
\BOOKMARK [0][]{chapter.27}{\376\377\166\370\121\163\164\006\213\272\116\016\121\163\225\056\142\200\147\057}{}% 16
\BOOKMARK [1][]{section.28}{\376\377\131\032\152\041\140\001\120\145\136\267\145\160\143\156\207\215\124\010\127\372\170\100}{chapter.27}% 17
\BOOKMARK [2][]{subsection.29}{\376\377\120\145\136\267\145\160\143\156\166\204\131\032\156\220\137\002\147\204\140\047}{section.28}% 18
\BOOKMARK [2][]{subsection.30}{\376\377\230\316\226\151\207\215\124\010\166\204\127\372\147\054\140\035\140\363}{section.28}% 19
\BOOKMARK [1][]{section.32}{\376\377\165\276\165\305\230\316\226\151\230\204\155\113\116\016\140\305\146\157\143\250\157\024\127\372\170\100}{chapter.27}% 20
\BOOKMARK [2][]{subsection.33}{\376\377\176\323\147\204\123\026\120\145\136\267\230\316\226\151\230\204\155\113}{section.32}% 21
\BOOKMARK [2][]{subsection.34}{\376\377\227\142\124\021\136\162\230\204\166\204\140\305\146\157\143\250\157\024}{section.32}% 22
\BOOKMARK [1][]{section.35}{\376\377\000O\000C\000R\060\001\000R\000A\000G\116\016\000A\000g\000e\000n\000t\121\163\225\056\142\200\147\057}{chapter.27}% 23
\BOOKMARK [2][]{subsection.36}{\376\377\000O\000C\000R\116\016\167\345\213\306\130\236\137\072\225\356\173\124}{section.35}% 24
\BOOKMARK [2][]{subsection.37}{\376\377\227\142\124\021\123\073\165\227\127\072\146\157\166\204\000A\000g\000e\000n\000t\127\372\147\054\147\072\122\066}{section.35}% 25
\BOOKMARK [1][]{section.38}{\376\377\147\054\172\340\134\017\176\323}{chapter.27}% 26
\BOOKMARK [0][]{chapter.39}{\376\377\174\373\176\337\227\000\154\102\122\006\147\220\116\016\140\073\117\123\213\276\213\241}{}% 27
\BOOKMARK [1][]{section.40}{\376\377\174\373\176\337\227\000\154\102\122\006\147\220}{chapter.39}% 28
\BOOKMARK [2][]{subsection.41}{\376\377\122\237\200\375\227\000\154\102\122\006\147\220}{section.40}% 29
\BOOKMARK [2][]{subsection.42}{\376\377\227\136\122\237\200\375\227\000\154\102\122\006\147\220}{section.40}% 30
\BOOKMARK [1][]{section.43}{\376\377\174\373\176\337\140\073\117\123\147\266\147\204\213\276\213\241}{chapter.39}% 31
\BOOKMARK [2][]{subsection.44}{\376\377\136\163\123\360\140\073\117\123\147\266\147\204}{section.43}% 32
\BOOKMARK [2][]{subsection.46}{\376\377\150\070\137\303\116\032\122\241\155\101\172\013\213\276\213\241}{section.43}% 33
\BOOKMARK [1][]{section.48}{\376\377\150\070\137\303\145\160\143\156\152\041\127\213\213\276\213\241}{chapter.39}% 34
\BOOKMARK [2][]{subsection.49}{\376\377\121\163\225\056\133\236\117\123\116\016\121\163\174\373}{section.48}% 35
\BOOKMARK [2][]{subsection.51}{\376\377\131\032\152\041\140\001\145\160\143\156\176\304\176\307\145\271\137\017}{section.48}% 36
\BOOKMARK [1][]{section.52}{\376\377\121\163\225\056\152\041\127\127\213\276\213\241}{chapter.39}% 37
\BOOKMARK [2][]{subsection.53}{\376\377\230\316\226\151\213\304\117\060\152\041\127\127\213\276\213\241}{section.52}% 38
\BOOKMARK [2][]{subsection.54}{\376\377\136\162\230\204\143\250\157\024\152\041\127\127\213\276\213\241}{section.52}% 39
\BOOKMARK [2][]{subsection.55}{\376\377\000A\000g\000e\000n\000t\120\145\136\267\225\356\173\124\152\041\127\127\213\276\213\241}{section.52}% 40
\BOOKMARK [1][]{section.56}{\376\377\147\054\172\340\134\017\176\323}{chapter.39}% 41
\BOOKMARK [0][]{chapter.57}{\376\377\121\163\225\056\173\227\154\325\116\016\152\041\127\213\213\276\213\241}{}% 42
\BOOKMARK [1][]{section.58}{\376\377\145\160\143\156\147\145\156\220\116\016\230\204\131\004\164\006}{chapter.57}% 43
\BOOKMARK [2][]{subsection.59}{\376\377\116\064\136\212\145\160\143\156\230\204\131\004\164\006}{section.58}% 44
\BOOKMARK [2][]{subsection.60}{\376\377\127\372\126\340\145\160\143\156\230\204\131\004\164\006}{section.58}% 45
\BOOKMARK [2][]{subsection.61}{\376\377\210\114\116\072\116\016\204\045\121\173\145\160\143\156\230\204\131\004\164\006}{section.58}% 46
\BOOKMARK [1][]{section.62}{\376\377\165\276\165\305\230\316\226\151\230\204\155\113\152\041\127\213\213\276\213\241}{chapter.57}% 47
\BOOKMARK [2][]{subsection.63}{\376\377\116\064\136\212\230\316\226\151\230\204\155\113\152\041\127\213}{section.62}% 48
\BOOKMARK [2][]{subsection.65}{\376\377\127\372\126\340\230\316\226\151\213\304\117\060\152\041\127\213}{section.62}% 49
\BOOKMARK [1][]{section.67}{\376\377\131\032\152\041\140\001\207\215\124\010\230\316\226\151\213\304\117\060\145\271\154\325}{chapter.57}% 50
\BOOKMARK [2][]{subsection.68}{\376\377\207\215\124\010\173\126\165\145\213\276\213\241}{section.67}% 51
\BOOKMARK [2][]{subsection.69}{\376\377\207\215\124\010\143\250\164\006\145\271\154\325}{section.67}% 52
\BOOKMARK [2][]{subsection.71}{\376\377\133\236\145\366\230\316\226\151\146\364\145\260\147\072\122\066}{section.67}% 53
\BOOKMARK [1][]{section.73}{\376\377\127\372\116\216\123\315\116\213\133\236\143\250\164\006\166\204\136\162\230\204\143\250\157\024\145\271\154\325}{chapter.57}% 54
\BOOKMARK [2][]{subsection.74}{\376\377\201\352\161\066\200\001\123\026\230\316\226\151\143\250\157\024}{section.73}% 55
\BOOKMARK [2][]{subsection.76}{\376\377\165\037\155\073\145\271\137\017\136\162\230\204\143\250\157\024}{section.73}% 56
\BOOKMARK [1][]{section.78}{\376\377\147\054\172\340\134\017\176\323}{chapter.57}% 57
\BOOKMARK [0][]{chapter.79}{\376\377\174\373\176\337\133\236\163\260}{}% 58
\BOOKMARK [1][]{section.80}{\376\377\124\016\172\357\150\070\137\303\147\015\122\241\133\236\163\260}{chapter.79}% 59
\BOOKMARK [2][]{subsection.81}{\376\377\230\316\226\151\213\304\117\060\147\015\122\241\133\236\163\260}{section.80}% 60
\BOOKMARK [2][]{subsection.82}{\376\377\000O\000C\000R\211\343\147\220\147\015\122\241\133\236\163\260}{section.80}% 61
\BOOKMARK [2][]{subsection.83}{\376\377\145\160\143\156\173\241\164\006\116\016\116\373\122\241\214\003\136\246\133\236\163\260}{section.80}% 62
\BOOKMARK [1][]{section.84}{\376\377\122\115\172\357\150\070\137\303\122\237\200\375\133\236\163\260}{chapter.79}% 63
\BOOKMARK [2][]{subsection.85}{\376\377\165\050\142\067\120\145\136\267\150\143\150\110\116\016\142\245\124\112\116\012\117\040\122\237\200\375}{section.84}% 64
\BOOKMARK [2][]{subsection.86}{\376\377\230\316\226\151\134\125\171\072\116\016\123\357\211\306\123\026\122\237\200\375}{section.84}% 65
\BOOKMARK [2][]{subsection.87}{\376\377\136\162\230\204\136\372\213\256\116\016\116\244\116\222\155\101\172\013\133\236\163\260}{section.84}% 66
\BOOKMARK [1][]{section.88}{\376\377\000A\000g\000e\000n\000t\147\266\147\204\213\276\213\241\116\016\133\236\163\260}{chapter.79}% 67
\BOOKMARK [2][]{subsection.89}{\376\377\000A\000g\000e\000n\000t\145\164\117\123\142\147\210\114\155\101\172\013}{section.88}% 68
\BOOKMARK [2][]{subsection.90}{\376\377\141\017\126\376\122\006\155\101\116\016\135\345\121\167\214\003\165\050\176\246\147\137}{section.88}% 69
\BOOKMARK [2][]{subsection.91}{\376\377\213\301\143\156\225\350\143\247\116\016\126\336\173\124\173\126\165\145\143\247\122\066}{section.88}% 70
\BOOKMARK [2][]{subsection.92}{\376\377\133\241\213\241\116\016\126\336\145\076\147\072\122\066}{section.88}% 71
\BOOKMARK [1][]{section.93}{\376\377\174\373\176\337\220\350\177\162\116\016\217\320\210\114\155\101\172\013}{chapter.79}% 72
\BOOKMARK [2][]{subsection.94}{\376\377\174\373\176\337\226\306\142\020\145\271\150\110}{section.93}% 73
\BOOKMARK [2][]{subsection.95}{\376\377\133\271\126\150\123\026\220\350\177\162\116\016\217\320\210\114\155\101\172\013}{section.93}% 74
\BOOKMARK [1][]{section.96}{\376\377\147\054\172\340\134\017\176\323}{chapter.79}% 75
\BOOKMARK [0][]{chapter.97}{\376\377\133\236\232\214\116\016\155\113\213\325\122\006\147\220}{}% 76
\BOOKMARK [1][]{section.98}{\376\377\133\236\232\214\163\257\130\203\116\016\213\304\116\367\143\007\150\007}{chapter.97}% 77
\BOOKMARK [1][]{section.100}{\376\377\230\316\226\151\230\204\155\113\116\016\207\215\124\010\145\110\147\234\122\006\147\220}{chapter.97}% 78
\BOOKMARK [2][]{subsection.101}{\376\377\165\276\165\305\230\316\226\151\230\204\155\113\176\323\147\234\122\006\147\220}{section.100}% 79
\BOOKMARK [2][]{subsection.102}{\376\377\131\032\152\041\140\001\207\215\124\010\155\210\207\215\133\236\232\214}{section.100}% 80
\BOOKMARK [2][]{subsection.103}{\376\377\136\162\230\204\143\250\157\024\150\110\117\213\122\006\147\220}{section.100}% 81
\BOOKMARK [1][]{section.104}{\376\377\174\373\176\337\122\237\200\375\155\113\213\325\116\016\176\323\147\234\122\006\147\220}{chapter.97}% 82
\BOOKMARK [2][]{subsection.105}{\376\377\136\163\123\360\150\070\137\303\122\237\200\375\155\113\213\325}{section.104}% 83
\BOOKMARK [2][]{subsection.107}{\376\377\000O\000C\000R\116\016\120\145\136\267\225\356\173\124\122\237\200\375\155\113\213\325}{section.104}% 84
\BOOKMARK [1][]{section.108}{\376\377\000A\000g\000e\000n\000t\152\041\127\127\210\145\121\105\232\214\213\301}{chapter.97}% 85
\BOOKMARK [2][]{subsection.109}{\376\377\121\170\127\213\127\072\146\157\210\114\116\072\232\214\213\301}{section.108}% 86
\BOOKMARK [2][]{subsection.110}{\376\377\133\211\121\150\140\047\116\016\116\000\201\364\140\047\122\006\147\220}{section.108}% 87
\BOOKMARK [1][]{section.112}{\376\377\147\054\172\340\134\017\176\323}{chapter.97}% 88
\BOOKMARK [0][]{chapter.113}{\376\377\140\073\176\323\116\016\134\125\147\033}{}% 89
\BOOKMARK [1][]{section.114}{\376\377\135\345\117\134\140\073\176\323}{chapter.113}% 90
\BOOKMARK [1][]{section.115}{\376\377\116\015\215\263\116\016\134\100\226\120}{chapter.113}% 91
\BOOKMARK [1][]{section.116}{\376\377\147\052\147\145\134\125\147\033}{chapter.113}% 92
\BOOKMARK [0][]{chapter*.118}{\376\377\201\364\214\042}{}% 93
